Read 4340 babies.
ADA
 Total: 300
 Years: 32
 2019: 23
 First: 1920 10
 Last: 2019 23
 Min: 1932 5
 Max: 2019 23
 Avg: 3
