Enter a function f(x): Enter a value of x: 
f(x) = exp(x)
f(1) = 2.71828
f'(x) = exp(x)*1
f'(1) = 2.71828
