Enter a function f(x): Enter a value of x: 
f(x) = sin(x)^2 + cos(x)^2
f(1.5) = 1
f'(x) = 2*cos(x)*1*sin(x)^1 + 2*-1*sin(x)*1*cos(x)^1
f'(1.5) = 0
