Enter a function f(x): Enter a value of x: 
f(x) = 1
f(0) = 1
f'(x) = 0
f'(0) = 0
