Enter a function f(x): Enter a value of x: 
f(x) = 6 + 10
f(0) = 16
f'(x) = 0 + 0
f'(0) = 0
