Enter a function f(x): Enter a value of x: 
f(x) = x
f(1) = 1
f'(x) = 1
f'(1) = 1
