Enter a function f(x): Enter a value of x: 
f(x) = 6/x
f(1) = 6
f'(x) = (0*x - 6*1)/x^2
f'(1) = -6
