Enter a function f(x): Enter a value of x: 
f(x) = x*(10 - 6) + x/10.6
f(2) = 8.18868
f'(x) = 1*(10 - 6) + x*(0 - 0) + (1*10.6 - x*0)/10.6^2
f'(2) = 4.09434
