Enter a function f(x): Enter a value of x: 
f(x) = 10/(x + x*5) + x/(10 + x)
f(2) = 1
f'(x) = (0*(x + x*5) - 10*(1 + 1*5 + x*0))/(x + x*5)^2 + (1*(10 + x) - x*(0 + 1))/(10 + x)^2
f'(2) = -0.347222
