Enter a function f(x): Enter a value of x: 
f(x) = 6*x^2 + 5*x^3
f(3) = 189
f'(x) = 0*x^2 + 6*2*1*x^1 + 0*x^3 + 5*3*1*x^2
f'(3) = 171
