Enter a function f(x): Enter a value of x: 
f(x) = x - 6 + x - 10
f(5) = -6
f'(x) = 1 - 0 + 1 - 0
f'(5) = 2
