Input matrix. Size : 8 x 8
 -  :   6 :  10 :  -  :  -  :   3 :   6 :  -  : 
  6 :  -  :  -  :  -  :  -  :   2 :  -  :  -  : 
 10 :  -  :  -  :   7 :  -  :  -  :   1 :  -  : 
 -  :  -  :   7 :  -  :   3 :  -  :   5 : 4.1 : 
 -  :  -  :  -  :   3 :  -  :  -  :  -  :   4 : 
  3 :   2 :  -  :  -  :  -  :  -  :   1 :  -  : 
  6 :  -  :   1 :   5 :  -  :   1 :  -  :   9 : 
 -  :  -  :  -  : 4.1 :   4 :  -  :   9 :  -  : 

Input Adjacency list. Size : 8
From City: A -> (B,6) (C,10) (F,3) (G,6) 
From City: B -> (A,6) (F,2) 
From City: C -> (A,10) (D,7) (G,1) 
From City: D -> (C,7) (E,3) (G,5) (H,4.1) 
From City: E -> (D,3) (H,4) 
From City: F -> (A,3) (B,2) (G,1) 
From City: G -> (A,6) (C,1) (D,5) (F,1) (H,9) 
From City: H -> (D,4.1) (E,4) (G,9) 

Minimum Spanning Tree. Size : 8
From City: A -> (F,3) 
From City: B -> (F,2) 
From City: C -> (G,1) 
From City: D -> (E,3) (G,5) 
From City: E -> (D,3) (H,4) 
From City: F -> (A,3) (B,2) (G,1) 
From City: G -> (C,1) (D,5) (F,1) 
From City: H -> (E,4) 

Cost of original matrix: 61.1
Cost of minimum spanning tree: 19
