Input matrix. Size : 1 x 1
 -  : 

Input Adjacency list. Size : 1
From City: A -> 

Minimum Spanning Tree. Size : 1
From City: A -> 

Cost of original matrix: 0
Cost of minimum spanning tree: 0
