f(x) = exp(x)
f(1) = 2.71828
f'(x) = exp(x)*1
f'(1) = 2.71828
