f(x) = log(exp(x + 2)/exp(x + 2) + 5)
f(2) = 1.79176
f'(x) = ((exp(x + 2)*(1 + 0)*exp(x + 2) - exp(x + 2)*exp(x + 2)*(1 + 0))/exp(x + 2)^2 + 0)/(exp(x + 2)/exp(x + 2) + 5)
f'(2) = 0
