f(x) = sin(x)
f(0.5) = 0.479426
f'(x) = cos(x)*1
f'(0.5) = 0.877583
