f(x) = (exp(x) + log(x) + sin(x) + cos(x))/2
f(3) = 10.1676
f'(x) = ((exp(x)*1 + 1/x + cos(x)*1 + -1*sin(x)*1)*2 - (exp(x) + log(x) + sin(x) + cos(x))*0)/2^2
f'(3) = 9.64388
