Read 4340 babies.
WILLIAM
 Total: 26600
 Years: 100
 2019: 191
 First: 1920 291
 Last: 2019 191
 Min: 1923 68
 Max: 1953 529
 Avg: 266
DANIEL
 Total: 17969
 Years: 99
 2019: 108
 First: 1920 11
 Last: 2019 108
 Min: 1923 5
 Max: 1985 454
 Avg: 179.69
