Read 4340 babies.
RIPLEY
 Total: 16
 Years: 3
 2019: 5
 First: 2015 6
 Last: 2019 5
 Min: 2016 5
 Max: 2015 6
 Avg: 0.16
ABBEY
 Total: 132
 Years: 15
 2019: 0
 First: 1994 5
 Last: 2016 5
 Min: 1994 5
 Max: 2002 14
 Avg: 1.32
